Analysis & Synthesis report for hardisa
Tue Jul 21 14:43:46 2026
Quartus Prime Version 24.1std.0 Build 1077 03/04/2025 SC Lite Edition


---------------------
; Table of Contents ;
---------------------
  1. Legal Notice
  2. Analysis & Synthesis Summary
  3. Analysis & Synthesis Settings
  4. Parallel Compilation
  5. Multiplexer Restructuring Statistics (Restructuring Performed)
  6. Port Connectivity Checks: "register:coutdelay"
  7. Port Connectivity Checks: "decoder:dec"
  8. Port Connectivity Checks: "lut:BOOT"
  9. Port Connectivity Checks: "alu:ALU"
 10. Port Connectivity Checks: "count:PChi"
 11. Port Connectivity Checks: "register:FR"
 12. Port Connectivity Checks: "register:statereg"
 13. Elapsed Time Per Partition
 14. Analysis & Synthesis Messages



----------------
; Legal Notice ;
----------------
Copyright (C) 2025  Altera Corporation. All rights reserved.
Your use of Altera Corporation's design tools, logic functions 
and other software and tools, and any partner logic 
functions, and any output files from any of the foregoing 
(including device programming or simulation files), and any 
associated documentation or information are expressly subject 
to the terms and conditions of the Altera Program License 
Subscription Agreement, the Altera Quartus Prime License Agreement,
the Altera IP License Agreement, or other applicable license
agreement, including, without limitation, that your use is for
the sole purpose of programming logic devices manufactured by
Altera and sold by Altera or its authorized distributors.  Please
refer to the Altera Software License Subscription Agreements 
on the Quartus Prime software download page.



+--------------------------------------------------------------------------------------+
; Analysis & Synthesis Summary                                                         ;
+------------------------------------+-------------------------------------------------+
; Analysis & Synthesis Status        ; Failed - Tue Jul 21 14:43:46 2026               ;
; Quartus Prime Version              ; 24.1std.0 Build 1077 03/04/2025 SC Lite Edition ;
; Revision Name                      ; hardisa                                         ;
; Top-level Entity Name              ; top                                             ;
; Family                             ; MAX 10                                          ;
; Total logic elements               ; N/A until Partition Merge                       ;
;     Total combinational functions  ; N/A until Partition Merge                       ;
;     Dedicated logic registers      ; N/A until Partition Merge                       ;
; Total registers                    ; N/A until Partition Merge                       ;
; Total pins                         ; N/A until Partition Merge                       ;
; Total virtual pins                 ; N/A until Partition Merge                       ;
; Total memory bits                  ; N/A until Partition Merge                       ;
; Embedded Multiplier 9-bit elements ; N/A until Partition Merge                       ;
; Total PLLs                         ; N/A until Partition Merge                       ;
; UFM blocks                         ; N/A until Partition Merge                       ;
; ADC blocks                         ; N/A until Partition Merge                       ;
+------------------------------------+-------------------------------------------------+


+------------------------------------------------------------------------------------------------------------+
; Analysis & Synthesis Settings                                                                              ;
+------------------------------------------------------------------+--------------------+--------------------+
; Option                                                           ; Setting            ; Default Value      ;
+------------------------------------------------------------------+--------------------+--------------------+
; Device                                                           ; 10M50DAF484C6GES   ;                    ;
; Top-level entity name                                            ; top                ; hardisa            ;
; Family name                                                      ; MAX 10             ; Cyclone V          ;
; Use smart compilation                                            ; Off                ; Off                ;
; Enable parallel Assembler and Timing Analyzer during compilation ; On                 ; On                 ;
; Enable compact report table                                      ; Off                ; Off                ;
; Restructure Multiplexers                                         ; Auto               ; Auto               ;
; Create Debugging Nodes for IP Cores                              ; Off                ; Off                ;
; Preserve fewer node names                                        ; On                 ; On                 ;
; Intel FPGA IP Evaluation Mode                                    ; Enable             ; Enable             ;
; Verilog Version                                                  ; Verilog_2001       ; Verilog_2001       ;
; VHDL Version                                                     ; VHDL_1993          ; VHDL_1993          ;
; State Machine Processing                                         ; Auto               ; Auto               ;
; Safe State Machine                                               ; Off                ; Off                ;
; Extract Verilog State Machines                                   ; On                 ; On                 ;
; Extract VHDL State Machines                                      ; On                 ; On                 ;
; Ignore Verilog initial constructs                                ; Off                ; Off                ;
; Iteration limit for constant Verilog loops                       ; 5000               ; 5000               ;
; Iteration limit for non-constant Verilog loops                   ; 250                ; 250                ;
; Add Pass-Through Logic to Inferred RAMs                          ; On                 ; On                 ;
; Infer RAMs from Raw Logic                                        ; On                 ; On                 ;
; Parallel Synthesis                                               ; On                 ; On                 ;
; DSP Block Balancing                                              ; Auto               ; Auto               ;
; NOT Gate Push-Back                                               ; On                 ; On                 ;
; Power-Up Don't Care                                              ; On                 ; On                 ;
; Remove Redundant Logic Cells                                     ; Off                ; Off                ;
; Remove Duplicate Registers                                       ; On                 ; On                 ;
; Ignore CARRY Buffers                                             ; Off                ; Off                ;
; Ignore CASCADE Buffers                                           ; Off                ; Off                ;
; Ignore GLOBAL Buffers                                            ; Off                ; Off                ;
; Ignore ROW GLOBAL Buffers                                        ; Off                ; Off                ;
; Ignore LCELL Buffers                                             ; Off                ; Off                ;
; Ignore SOFT Buffers                                              ; On                 ; On                 ;
; Limit AHDL Integers to 32 Bits                                   ; Off                ; Off                ;
; Optimization Technique                                           ; Balanced           ; Balanced           ;
; Carry Chain Length                                               ; 70                 ; 70                 ;
; Auto Carry Chains                                                ; On                 ; On                 ;
; Auto Open-Drain Pins                                             ; On                 ; On                 ;
; Perform WYSIWYG Primitive Resynthesis                            ; Off                ; Off                ;
; Auto ROM Replacement                                             ; On                 ; On                 ;
; Auto RAM Replacement                                             ; On                 ; On                 ;
; Auto DSP Block Replacement                                       ; On                 ; On                 ;
; Auto Shift Register Replacement                                  ; Auto               ; Auto               ;
; Allow Shift Register Merging across Hierarchies                  ; Auto               ; Auto               ;
; Auto Clock Enable Replacement                                    ; On                 ; On                 ;
; Strict RAM Replacement                                           ; Off                ; Off                ;
; Allow Synchronous Control Signals                                ; On                 ; On                 ;
; Force Use of Synchronous Clear Signals                           ; Off                ; Off                ;
; Auto RAM Block Balancing                                         ; On                 ; On                 ;
; Auto RAM to Logic Cell Conversion                                ; Off                ; Off                ;
; Auto Resource Sharing                                            ; Off                ; Off                ;
; Allow Any RAM Size For Recognition                               ; Off                ; Off                ;
; Allow Any ROM Size For Recognition                               ; Off                ; Off                ;
; Allow Any Shift Register Size For Recognition                    ; Off                ; Off                ;
; Use LogicLock Constraints during Resource Balancing              ; On                 ; On                 ;
; Ignore translate_off and synthesis_off directives                ; Off                ; Off                ;
; Timing-Driven Synthesis                                          ; On                 ; On                 ;
; Report Parameter Settings                                        ; On                 ; On                 ;
; Report Source Assignments                                        ; On                 ; On                 ;
; Report Connectivity Checks                                       ; On                 ; On                 ;
; Ignore Maximum Fan-Out Assignments                               ; Off                ; Off                ;
; Synchronization Register Chain Length                            ; 2                  ; 2                  ;
; Power Optimization During Synthesis                              ; Normal compilation ; Normal compilation ;
; HDL message level                                                ; Level2             ; Level2             ;
; Suppress Register Optimization Related Messages                  ; Off                ; Off                ;
; Number of Removed Registers Reported in Synthesis Report         ; 5000               ; 5000               ;
; Number of Swept Nodes Reported in Synthesis Report               ; 5000               ; 5000               ;
; Number of Inverted Registers Reported in Synthesis Report        ; 100                ; 100                ;
; Clock MUX Protection                                             ; On                 ; On                 ;
; Auto Gated Clock Conversion                                      ; Off                ; Off                ;
; Block Design Naming                                              ; Auto               ; Auto               ;
; SDC constraint protection                                        ; Off                ; Off                ;
; Synthesis Effort                                                 ; Auto               ; Auto               ;
; Shift Register Replacement - Allow Asynchronous Clear Signal     ; On                 ; On                 ;
; Pre-Mapping Resynthesis Optimization                             ; Off                ; Off                ;
; Analysis & Synthesis Message Level                               ; Medium             ; Medium             ;
; Disable Register Merging Across Hierarchies                      ; Auto               ; Auto               ;
; Resource Aware Inference For Block RAM                           ; On                 ; On                 ;
+------------------------------------------------------------------+--------------------+--------------------+


+------------------------------------------+
; Parallel Compilation                     ;
+----------------------------+-------------+
; Processors                 ; Number      ;
+----------------------------+-------------+
; Number detected on machine ; 16          ;
; Maximum allowed            ; 16          ;
;                            ;             ;
; Average used               ; 1.00        ;
; Maximum used               ; 1           ;
;                            ;             ;
; Usage by Processor         ; % Time Used ;
;     Processor 1            ; 100.0%      ;
+----------------------------+-------------+


+----------------------------------------------------------------------------------------------------------------------------------------------+
; Multiplexer Restructuring Statistics (Restructuring Performed)                                                                               ;
+--------------------+-----------+---------------+----------------------+------------------------+------------+--------------------------------+
; Multiplexer Inputs ; Bus Width ; Baseline Area ; Area if Restructured ; Saving if Restructured ; Registered ; Example Multiplexer Output     ;
+--------------------+-----------+---------------+----------------------+------------------------+------------+--------------------------------+
; 3:1                ; 8 bits    ; 16 LEs        ; 8 LEs                ; 8 LEs                  ; Yes        ; |top|register:ledreg|out[6]    ;
; 3:1                ; 8 bits    ; 16 LEs        ; 8 LEs                ; 8 LEs                  ; Yes        ; |top|register:opcodereg|out[4] ;
; 3:1                ; 8 bits    ; 16 LEs        ; 16 LEs               ; 0 LEs                  ; Yes        ; |top|count:PChi|out[0]         ;
; 3:1                ; 8 bits    ; 16 LEs        ; 8 LEs                ; 8 LEs                  ; Yes        ; |top|register:ABlo|out[3]      ;
; 3:1                ; 8 bits    ; 16 LEs        ; 8 LEs                ; 8 LEs                  ; Yes        ; |top|register:ABhi|out[6]      ;
; 3:1                ; 8 bits    ; 16 LEs        ; 8 LEs                ; 8 LEs                  ; Yes        ; |top|register:Acc|out[0]       ;
; 3:1                ; 8 bits    ; 16 LEs        ; 8 LEs                ; 8 LEs                  ; Yes        ; |top|register:Plo|out[3]       ;
; 3:1                ; 8 bits    ; 16 LEs        ; 8 LEs                ; 8 LEs                  ; Yes        ; |top|register:Phi|out[2]       ;
; 3:1                ; 4 bits    ; 8 LEs         ; 4 LEs                ; 4 LEs                  ; Yes        ; |top|register:FR|out[0]        ;
; 4:1                ; 8 bits    ; 16 LEs        ; 16 LEs               ; 0 LEs                  ; Yes        ; |top|count:PClo|out[3]         ;
; 5:1                ; 8 bits    ; 24 LEs        ; 16 LEs               ; 8 LEs                  ; No         ; |top|ALUa[7]                   ;
; 5:1                ; 8 bits    ; 24 LEs        ; 24 LEs               ; 0 LEs                  ; No         ; |top|ALUb[1]                   ;
; 9:1                ; 7 bits    ; 42 LEs        ; 14 LEs               ; 28 LEs                 ; No         ; |top|Mux17                     ;
; 29:1               ; 6 bits    ; 114 LEs       ; 72 LEs               ; 42 LEs                 ; No         ; |top|alu:ALU|Selector3         ;
+--------------------+-----------+---------------+----------------------+------------------------+------------+--------------------------------+


+--------------------------------------------------------------------------------------------------------------------------------------------------------------------------------------------------------------------+
; Port Connectivity Checks: "register:coutdelay"                                                                                                                                                                     ;
+-----------+--------+----------+------------------------------------------------------------------------------------------------------------------------------------------------------------------------------------+
; Port      ; Type   ; Severity ; Details                                                                                                                                                                            ;
+-----------+--------+----------+------------------------------------------------------------------------------------------------------------------------------------------------------------------------------------+
; we        ; Input  ; Warning  ; Input port expression (32 bits) is wider than the input port (1 bits) it drives.  The 31 most-significant bit(s) in the expression will be dangling if they have no other fanouts. ;
; we[-1]    ; Input  ; Info     ; Stuck at VCC                                                                                                                                                                       ;
; in[7..1]  ; Input  ; Info     ; Stuck at GND                                                                                                                                                                       ;
; out[7..1] ; Output ; Info     ; Connected to dangling logic. Logic that only feeds a dangling port will be removed.                                                                                                ;
+-----------+--------+----------+------------------------------------------------------------------------------------------------------------------------------------------------------------------------------------+


+----------------------------------------------------------------------------------------------------------------------+
; Port Connectivity Checks: "decoder:dec"                                                                              ;
+------------+--------+----------+-------------------------------------------------------------------------------------+
; Port       ; Type   ; Severity ; Details                                                                             ;
+------------+--------+----------+-------------------------------------------------------------------------------------+
; out[15..8] ; Output ; Info     ; Connected to dangling logic. Logic that only feeds a dangling port will be removed. ;
+------------+--------+----------+-------------------------------------------------------------------------------------+


+---------------------------------------------------------------------------------------------------------------------------------------------------------------------------------------------------------------+
; Port Connectivity Checks: "lut:BOOT"                                                                                                                                                                          ;
+------+--------+----------+------------------------------------------------------------------------------------------------------------------------------------------------------------------------------------+
; Port ; Type   ; Severity ; Details                                                                                                                                                                            ;
+------+--------+----------+------------------------------------------------------------------------------------------------------------------------------------------------------------------------------------+
; out  ; Output ; Warning  ; Output or bidir port (24 bits) is wider than the port expression (1 bits) it drives; bit(s) "out[23..1]" have no fanouts                                                           ;
; addr ; Input  ; Warning  ; Input port expression (16 bits) is wider than the input port (13 bits) it drives.  The 3 most-significant bit(s) in the expression will be dangling if they have no other fanouts. ;
+------+--------+----------+------------------------------------------------------------------------------------------------------------------------------------------------------------------------------------+


+---------------------------------------------------------------------------------------------------------------------------------------------------+
; Port Connectivity Checks: "alu:ALU"                                                                                                               ;
+------+--------+----------+------------------------------------------------------------------------------------------------------------------------+
; Port ; Type   ; Severity ; Details                                                                                                                ;
+------+--------+----------+------------------------------------------------------------------------------------------------------------------------+
; out  ; Output ; Warning  ; Output or bidir port (9 bits) is wider than the port expression (8 bits) it drives; bit(s) "out[8..8]" have no fanouts ;
+------+--------+----------+------------------------------------------------------------------------------------------------------------------------+


+-------------------------------------------------------------------------------------------------------------------------------------+
; Port Connectivity Checks: "count:PChi"                                                                                              ;
+------+--------+----------+----------------------------------------------------------------------------------------------------------+
; Port ; Type   ; Severity ; Details                                                                                                  ;
+------+--------+----------+----------------------------------------------------------------------------------------------------------+
; ovf  ; Output ; Warning  ; Declared by entity but not connected by instance. Logic that only feeds a dangling port will be removed. ;
+------+--------+----------+----------------------------------------------------------------------------------------------------------+


+----------------------------------------------------------------------------------------------------------------------------------------------------------------------------+
; Port Connectivity Checks: "register:FR"                                                                                                                                    ;
+-----------+--------+----------+--------------------------------------------------------------------------------------------------------------------------------------------+
; Port      ; Type   ; Severity ; Details                                                                                                                                    ;
+-----------+--------+----------+--------------------------------------------------------------------------------------------------------------------------------------------+
; in        ; Input  ; Warning  ; Input port expression (4 bits) is smaller than the input port (8 bits) it drives.  Extra input bit(s) "in[7..4]" will be connected to GND. ;
; out[7..4] ; Output ; Info     ; Connected to dangling logic. Logic that only feeds a dangling port will be removed.                                                        ;
+-----------+--------+----------+--------------------------------------------------------------------------------------------------------------------------------------------+


+----------------------------------------------------------------------------------------------------------------------------------------------------------------------------------------------------------------+
; Port Connectivity Checks: "register:statereg"                                                                                                                                                                  ;
+--------+-------+----------+------------------------------------------------------------------------------------------------------------------------------------------------------------------------------------+
; Port   ; Type  ; Severity ; Details                                                                                                                                                                            ;
+--------+-------+----------+------------------------------------------------------------------------------------------------------------------------------------------------------------------------------------+
; we     ; Input ; Warning  ; Input port expression (32 bits) is wider than the input port (1 bits) it drives.  The 31 most-significant bit(s) in the expression will be dangling if they have no other fanouts. ;
; we[-1] ; Input ; Info     ; Stuck at VCC                                                                                                                                                                       ;
; in     ; Input ; Warning  ; Input port expression (4 bits) is smaller than the input port (8 bits) it drives.  Extra input bit(s) "in[7..4]" will be connected to GND.                                         ;
+--------+-------+----------+------------------------------------------------------------------------------------------------------------------------------------------------------------------------------------+


+-------------------------------+
; Elapsed Time Per Partition    ;
+----------------+--------------+
; Partition Name ; Elapsed Time ;
+----------------+--------------+
; Top            ; 00:00:01     ;
+----------------+--------------+


+-------------------------------+
; Analysis & Synthesis Messages ;
+-------------------------------+
Info: *******************************************************************
Info: Running Quartus Prime Analysis & Synthesis
    Info: Version 24.1std.0 Build 1077 03/04/2025 SC Lite Edition
    Info: Processing started: Tue Jul 21 14:43:03 2026
Info: Command: quartus_map --read_settings_files=on --write_settings_files=off hardisa -c hardisa
Warning (18236): Number of processors has not been specified which may cause overloading on shared machines.  Set the global assignment NUM_PARALLEL_PROCESSORS in your QSF to an appropriate value for best performance.
Info (20030): Parallel compilation is enabled and will use 16 of the 16 processors detected
Info (12021): Found 8 design units, including 8 entities, in source file top.sv
    Info (12023): Found entity 1: top File: C:/Users/levia/Documents/hardisa/HDL/top.sv Line: 1
    Info (12023): Found entity 2: register File: C:/Users/levia/Documents/hardisa/HDL/top.sv Line: 111
    Info (12023): Found entity 3: count File: C:/Users/levia/Documents/hardisa/HDL/top.sv Line: 124
    Info (12023): Found entity 4: alu File: C:/Users/levia/Documents/hardisa/HDL/top.sv Line: 150
    Info (12023): Found entity 5: ram File: C:/Users/levia/Documents/hardisa/HDL/top.sv Line: 183
    Info (12023): Found entity 6: lut File: C:/Users/levia/Documents/hardisa/HDL/top.sv Line: 202
    Info (12023): Found entity 7: flash File: C:/Users/levia/Documents/hardisa/HDL/top.sv Line: 215
    Info (12023): Found entity 8: decoder File: C:/Users/levia/Documents/hardisa/HDL/top.sv Line: 228
Info (12021): Found 1 design units, including 1 entities, in source file tb.sv
    Info (12023): Found entity 1: tb File: C:/Users/levia/Documents/hardisa/HDL/tb.sv Line: 1
Warning (10236): Verilog HDL Implicit Net warning at top.sv(30): created implicit net for "BOOTout" File: C:/Users/levia/Documents/hardisa/HDL/top.sv Line: 30
Warning (10236): Verilog HDL Implicit Net warning at top.sv(35): created implicit net for "test" File: C:/Users/levia/Documents/hardisa/HDL/top.sv Line: 35
Info (12127): Elaborating entity "top" for the top level hierarchy
Warning (10036): Verilog HDL or VHDL warning at top.sv(35): object "test" assigned a value but never read File: C:/Users/levia/Documents/hardisa/HDL/top.sv Line: 35
Warning (10230): Verilog HDL assignment warning at top.sv(35): truncated value with size 8 to match size of target (1) File: C:/Users/levia/Documents/hardisa/HDL/top.sv Line: 35
Warning (10230): Verilog HDL assignment warning at top.sv(79): truncated value with size 8 to match size of target (4) File: C:/Users/levia/Documents/hardisa/HDL/top.sv Line: 79
Warning (10270): Verilog HDL Case Statement warning at top.sv(88): incomplete case statement has no default case item File: C:/Users/levia/Documents/hardisa/HDL/top.sv Line: 88
Info (12128): Elaborating entity "register" for hierarchy "register:statereg" File: C:/Users/levia/Documents/hardisa/HDL/top.sv Line: 17
Info (12128): Elaborating entity "count" for hierarchy "count:PClo" File: C:/Users/levia/Documents/hardisa/HDL/top.sv Line: 25
Warning (10230): Verilog HDL assignment warning at top.sv(140): truncated value with size 32 to match size of target (8) File: C:/Users/levia/Documents/hardisa/HDL/top.sv Line: 140
Info (12128): Elaborating entity "alu" for hierarchy "alu:ALU" File: C:/Users/levia/Documents/hardisa/HDL/top.sv Line: 27
Warning (10230): Verilog HDL assignment warning at top.sv(159): truncated value with size 32 to match size of target (9) File: C:/Users/levia/Documents/hardisa/HDL/top.sv Line: 159
Warning (10230): Verilog HDL assignment warning at top.sv(166): truncated value with size 32 to match size of target (9) File: C:/Users/levia/Documents/hardisa/HDL/top.sv Line: 166
Warning (10230): Verilog HDL assignment warning at top.sv(167): truncated value with size 32 to match size of target (9) File: C:/Users/levia/Documents/hardisa/HDL/top.sv Line: 167
Info (12128): Elaborating entity "ram" for hierarchy "ram:RAM" File: C:/Users/levia/Documents/hardisa/HDL/top.sv Line: 28
Warning (10850): Verilog HDL warning at top.sv(190): number of words (25) in memory file does not match the number of elements in the address range [0:65535] File: C:/Users/levia/Documents/hardisa/HDL/top.sv Line: 190
Info (12128): Elaborating entity "lut" for hierarchy "lut:LUT" File: C:/Users/levia/Documents/hardisa/HDL/top.sv Line: 29
Warning (10030): Net "LUT.data_a" at top.sv(206) has no driver or initial value, using a default initial value '0' File: C:/Users/levia/Documents/hardisa/HDL/top.sv Line: 206
Warning (10030): Net "LUT.waddr_a" at top.sv(206) has no driver or initial value, using a default initial value '0' File: C:/Users/levia/Documents/hardisa/HDL/top.sv Line: 206
Warning (10030): Net "LUT.we_a" at top.sv(206) has no driver or initial value, using a default initial value '0' File: C:/Users/levia/Documents/hardisa/HDL/top.sv Line: 206
Info (12128): Elaborating entity "decoder" for hierarchy "decoder:dec" File: C:/Users/levia/Documents/hardisa/HDL/top.sv Line: 31
Info (276014): Found 3 instances of uninferred RAM logic
    Info (276007): RAM logic "lut:LUT|LUT" is uninferred due to asynchronous read logic File: C:/Users/levia/Documents/hardisa/HDL/top.sv Line: 206
    Info (276007): RAM logic "ram:RAM|RAM" is uninferred due to asynchronous read logic File: C:/Users/levia/Documents/hardisa/HDL/top.sv Line: 188
    Info (276007): RAM logic "lut:BOOT|LUT" is uninferred due to asynchronous read logic File: C:/Users/levia/Documents/hardisa/HDL/top.sv Line: 206
Error (276003): Cannot convert all sets of registers into RAM megafunctions when creating nodes. The resulting number of registers remaining in design exceeds the number of registers in the device or the number specified by the assignment max_number_of_registers_from_uninferred_rams. This can cause longer compilation time or result in insufficient memory to complete Analysis and Synthesis
Warning (12241): 6 hierarchies have connectivity warnings - see the Connectivity Checks report folder
Error: Quartus Prime Analysis & Synthesis was unsuccessful. 1 error, 16 warnings
    Error: Peak virtual memory: 4829 megabytes
    Error: Processing ended: Tue Jul 21 14:43:46 2026
    Error: Elapsed time: 00:00:43
    Error: Total CPU time (on all processors): 00:00:46


